// Jest Snapshot v1, https://goo.gl/fbAQLP

exports[`should test Addnewcomponent 1`] = `ShallowWrapper {}`;
