// Jest Snapshot v1, https://goo.gl/fbAQLP

exports[`should test Products component with default state of empty array 1`] = `ShallowWrapper {}`;
